// Jest Snapshot v1, https://goo.gl/fbAQLP

exports[`Table should render basic table - no sort, no marked items, no actions 1`] = `ShallowWrapper {}`;

exports[`Table should render table with configuration - sort, marked items, actions 1`] = `ShallowWrapper {}`;

exports[`Table should render table with no results info 1`] = `ShallowWrapper {}`;
